--- Copying files at Fri Jan 30 09:33:55 UTC 2026
--- Copied files finished at Fri Jan 30 09:33:55 UTC 2026
--- Copying files at Sat Jan 31 04:22:23 UTC 2026
--- Copied files finished at Sat Jan 31 04:22:23 UTC 2026
--- Copying files at Sat Jan 31 08:54:08 UTC 2026
--- Copied files finished at Sat Jan 31 08:54:08 UTC 2026
--- Copying files at Sat Jan 31 10:43:30 UTC 2026
--- Copied files finished at Sat Jan 31 10:43:30 UTC 2026
--- Copying files at Mon Feb  2 05:02:42 UTC 2026
--- Copied files finished at Mon Feb  2 05:02:42 UTC 2026
--- Copying files at Mon Feb  2 05:15:43 UTC 2026
--- Copied files finished at Mon Feb  2 05:15:43 UTC 2026
--- Copying files at Mon Feb  2 12:43:06 IST 2026
--- Copied files finished at Mon Feb  2 12:43:06 IST 2026
--- Copying files at Mon Feb  2 14:59:54 IST 2026
--- Copied files finished at Mon Feb  2 14:59:54 IST 2026
--- Copying files at Mon Feb  2 15:35:25 IST 2026
--- Copied files finished at Mon Feb  2 15:35:25 IST 2026
--- Copying files at Tue Feb  3 11:01:41 IST 2026
--- Copied files finished at Tue Feb  3 11:01:41 IST 2026
--- Copying files at Tue Feb  3 11:16:16 IST 2026
--- Copied files finished at Tue Feb  3 11:16:16 IST 2026
--- Copying files at Tue Feb  3 11:19:25 IST 2026
--- Copied files finished at Tue Feb  3 11:19:25 IST 2026
--- Copying files at Tue Feb  3 12:07:30 IST 2026
--- Copied files finished at Tue Feb  3 12:07:30 IST 2026
--- Copying files at Tue Feb  3 12:28:52 IST 2026
--- Copied files finished at Tue Feb  3 12:28:52 IST 2026
--- Copying files at Tue Feb  3 13:27:28 IST 2026
--- Copied files finished at Tue Feb  3 13:27:28 IST 2026
--- Copying files at Tue Feb  3 14:34:06 IST 2026
--- Copied files finished at Tue Feb  3 14:34:06 IST 2026
--- Copying files at Fri Feb  6 16:14:34 IST 2026
--- Copied files finished at Fri Feb  6 16:14:34 IST 2026
--- Copying files at Fri Feb  6 16:28:50 IST 2026
--- Copied files finished at Fri Feb  6 16:28:50 IST 2026
--- Copying files at Sat Feb  7 09:46:21 IST 2026
--- Copied files finished at Sat Feb  7 09:46:21 IST 2026
--- Copying files at Sat Feb  7 16:24:59 IST 2026
--- Copied files finished at Sat Feb  7 16:24:59 IST 2026
--- Copying files at Mon Feb  9 10:19:29 IST 2026
--- Copied files finished at Mon Feb  9 10:19:29 IST 2026
